../Core/Src/main.c:113:5:map	24	static
../Core/Src/main.c:118:5:abs	16	static
../Core/Src/main.c:126:6:delay_us	16	static
../Core/Src/main.c:143:5:main	8	static
../Core/Src/main.c:247:6:SystemClock_Config	88	static
../Core/Src/main.c:295:13:MX_TIM1_Init	96	static
../Core/Src/main.c:382:13:MX_TIM2_Init	64	static
../Core/Src/main.c:453:13:MX_TIM3_Init	64	static
../Core/Src/main.c:525:13:MX_TIM5_Init	32	static
../Core/Src/main.c:570:13:MX_USART2_UART_Init	8	static
../Core/Src/main.c:603:13:MX_GPIO_Init	48	static
../Core/Src/main.c:652:6:fireSensors	16	static
../Core/Src/main.c:815:6:calculateDistance	24	static
../Core/Src/main.c:828:6:calculateDistanceDown	24	static
../Core/Src/main.c:836:6:navigateObject	32	static
../Core/Src/main.c:892:6:standardTravel	32	static
../Core/Src/main.c:914:6:StartDefaultTask	16	static
../Core/Src/main.c:933:6:StartServoDrivers	16	static
../Core/Src/main.c:1020:6:StartPathfinding	16	static
../Core/Src/main.c:1040:6:HAL_TIM_PeriodElapsedCallback	16	static
../Core/Src/main.c:1057:6:Error_Handler	4	static,ignoring_inline_asm
